// Jest Snapshot v1, https://goo.gl/fbAQLP

exports[`should print HTML 1`] = `"<html></html>"`;
