// Jest Snapshot v1, https://goo.gl/fbAQLP

exports[`should output js 1`] = `"const foo = \\"bar\\";"`;
